hix - A code generation tool for clean architecture

Usage:
  hix [command] [options]

Commands:
  init           Initialize a new hix project
  help           Show this help message
  man            Show detailed manual
  version        Show version information

Options:
  --help         Show this help message
  --version      Show version information

Examples:
  hix init       Initialize a new hix project
  hix help       Show this help message
  hix version    Show version information 