........................................Time taken: 0.0 seconds
